
> Rocky-POS@0.0.1 test
> jest

Γ£à Created test database: test_rocky_pos
Γ£à Ran database migrations
node.exe : PASS test/dashboard/dashboard.controller.spec.ts 
(7.252 s)
At line:1 char:1
+ & "C:\Program Files\nodejs/node.exe" "C:\Program 
Files\nodejs/node_mo ...
+ ~~~~~~~~~~~~~~~~~~~~~~~~~~~~~~~~~~~~~~~~~~~~~~~~~~~~~~~~~~~~
~~~~~~~~~
    + CategoryInfo          : NotSpecified: (PASS test/dashb. 
   ..ec.ts (7.252 s):String) [], RemoteException
    + FullyQualifiedErrorId : NativeCommandError
 
  ΓùÅ Console

    console.log
      Γ£à Test database already exists: test_rocky_pos

      at TestDatabase.createTestDatabase 
(test/test-database.ts:107:17)

    console.log
      Γ£à Ran database migrations

      at TestDatabase.runMigrations 
(test/test-database.ts:158:15)

    console.log
      Γ£à Dropped test database: test_rocky_pos

      at TestDatabase.dropTestDatabase 
(test/test-database.ts:138:15)

prisma:error Error in PostgreSQL connection: Error { kind: Db, cause: Some(DbError { severity: "FATAL", parsed_severity: Some(Fatal), code: SqlState(E57P01), message: "terminating connection due to administrator command", detail: None, hint: None, position: None, where_: None, schema: None, table: None, column: None, datatype: None, constraint: None, file: Some("postgres.c"), line: Some(3355), routine: Some("ProcessInterrupts") }) }
PASS test/users/users.service.spec.ts (7.66 s)
  ΓùÅ Console

    console.log
      Γ£à Created test database: test_rocky_pos

      at TestDatabase.createTestDatabase 
(test/test-database.ts:105:17)

    console.log
      Γ£à Ran database migrations

      at TestDatabase.runMigrations 
(test/test-database.ts:158:15)

    console.log
      Γ£à Dropped test database: test_rocky_pos

      at TestDatabase.dropTestDatabase 
(test/test-database.ts:138:15)

[31m[Nest] 1384  - [39m17/10/2025, 13:38:28 [31m  
ERROR[39m [38;5;3m[DashboardService] [39m[31mError 
fetching today's sales[39m
[31m[Nest] 1384  - [39m17/10/2025, 13:38:28 [31m  
ERROR[39m [38;5;3m[DashboardService] [39m[31mError: 
Database error[39m
[31m[Nest] 1384  - [39m17/10/2025, 13:38:28 [31m  
ERROR[39m [38;5;3m[DashboardService] [39m[31mError 
fetching dashboard summary[39m
[31m[Nest] 1384  - [39m17/10/2025, 13:38:28 [31m  
ERROR[39m [38;5;3m[DashboardService] [39m[31mError: 
Database error[39m
PASS test/dashboard/dashboard.service.spec.ts (7.405 s)
  ΓùÅ Console

    console.log
      Γ£à Created test database: test_rocky_pos

      at TestDatabase.createTestDatabase 
(test/test-database.ts:105:17)

    console.log
      Γ£à Ran database migrations

      at TestDatabase.runMigrations 
(test/test-database.ts:158:15)

    console.log
      Γ£à Dropped test database: test_rocky_pos

      at TestDatabase.dropTestDatabase 
(test/test-database.ts:138:15)

PASS test/products/products.controller.spec.ts (6.55 s)
  ΓùÅ Console

    console.log
      Γ£à Created test database: test_rocky_pos

      at TestDatabase.createTestDatabase 
(test/test-database.ts:105:17)

    console.log
      Γ£à Ran database migrations

      at TestDatabase.runMigrations 
(test/test-database.ts:158:15)

    console.log
      Γ£à Dropped test database: test_rocky_pos

      at TestDatabase.dropTestDatabase 
(test/test-database.ts:138:15)

PASS test/reports/reports.service.spec.ts (7.686 s)
  ΓùÅ Console

    console.log
      Γ£à Created test database: test_rocky_pos

      at TestDatabase.createTestDatabase 
(test/test-database.ts:105:17)

    console.log
      Γ£à Ran database migrations

      at TestDatabase.runMigrations 
(test/test-database.ts:158:15)

    console.log
      Γ£à Dropped test database: test_rocky_pos

      at TestDatabase.dropTestDatabase 
(test/test-database.ts:138:15)

PASS test/reports/reports.controller.spec.ts (8.546 s)
  ΓùÅ Console

    console.log
      Γ£à Created test database: test_rocky_pos

      at TestDatabase.createTestDatabase 
(test/test-database.ts:105:17)

    console.log
      Γ£à Ran database migrations

      at TestDatabase.runMigrations 
(test/test-database.ts:158:15)

    console.log
      Γ£à Dropped test database: test_rocky_pos

      at TestDatabase.dropTestDatabase 
(test/test-database.ts:138:15)

PASS test/users/users.controller.rbac.spec.ts (6.133 s)
  ΓùÅ Console

    console.log
      Γ£à Created test database: test_rocky_pos

      at TestDatabase.createTestDatabase 
(test/test-database.ts:105:17)

    console.log
      Γ£à Ran database migrations

      at TestDatabase.runMigrations 
(test/test-database.ts:158:15)

    console.log
      Γ£à Dropped test database: test_rocky_pos

      at TestDatabase.dropTestDatabase 
(test/test-database.ts:138:15)

PASS test/categories/categories.service.spec.ts (5.664 s)
  ΓùÅ Console

    console.log
      Γ£à Created test database: test_rocky_pos

      at TestDatabase.createTestDatabase 
(test/test-database.ts:105:17)

    console.log
      Γ£à Ran database migrations

      at TestDatabase.runMigrations 
(test/test-database.ts:158:15)

    console.log
      Γ£à Dropped test database: test_rocky_pos

      at TestDatabase.dropTestDatabase 
(test/test-database.ts:138:15)

PASS test/auth/auth.service.spec.ts
PASS test/sales/sales.service.spec.ts
PASS test/products/products.service.spec.ts
PASS test/auth/roles.guard.spec.ts
PASS src/app.controller.spec.ts
PASS test/simple.spec.ts
PASS test/basic.spec.ts

Test Suites: 15 passed, 15 total
Tests:       241 passed, 241 total
Snapshots:   0 total
Time:        59.238 s
Ran all test suites.
Force exiting Jest: Have you considered using 
`--detectOpenHandles` to detect async operations that kept 
running after all tests finished?
